
> apps_download_web_v3@3.0.0 type-check
> astro check

[2m19:30:47[22m [34m[content][39m Syncing content
[2m19:30:47[22m [34m[content][39m Synced content
[2m19:30:47[22m [34m[types][39m Generated [2m926ms[22m
[2m19:30:47[22m [34m[check][39m Getting diagnostics for Astro files in F:\project\Web...
[96mcommitlint.config.js[0m:[93m1[0m:[93m1[0m - [93mwarning[0m[90m ts(80001): [0mFile is a CommonJS module; it may be converted to an ES module.

[7m1[0m module.exports = {
[7m [0m [93m~~~~~~~~~~~~~~[0m

[96msrc/components/Analytics.astro[0m:[93m10[0m:[93m26[0m - [93mwarning[0m[90m astro(4000): [0mThis script will be treated as if it has the `is:inline` directive because it contains an attribute. Therefore, features that require processing (e.g. using TypeScript or npm packages in the script) are unavailable.

See docs for more details: https://docs.astro.build/en/guides/client-side-scripts/#script-processing.

Add the `is:inline` directive explicitly to silence this hint.

[7m10[0m {shouldRender && <script defer src={analyticsUrl} data-website-id={analyticsId} />}
[7m  [0m [93m                         ~~~~~[0m

[96msrc/components/pwa/InstallPrompt.astro[0m:[93m38[0m:[93m5[0m - [91merror[0m[90m ts(2739): [0mType 'Event' is missing the following properties from type 'BeforeInstallPromptEvent': platforms, userChoice, prompt

[7m38[0m     deferredPrompt = e;
[7m  [0m [91m    ~~~~~~~~~~~~~~[0m

[96msrc/layouts/BaseLayout.astro[0m:[93m99[0m:[93m7[0m - [93mwarning[0m[90m astro(4000): [0mThis script will be treated as if it has the `is:inline` directive because it contains an attribute. Therefore, features that require processing (e.g. using TypeScript or npm packages in the script) are unavailable.

See docs for more details: https://docs.astro.build/en/guides/client-side-scripts/#script-processing.

Add the `is:inline` directive explicitly to silence this hint.

[7m99[0m       type="application/ld+json"
[7m  [0m [93m      ~~~~[0m

[96msrc/lib/data.ts[0m:[93m45[0m:[93m3[0m - [91merror[0m[90m ts(2578): [0mUnused '@ts-expect-error' directive.

[7m45[0m   // @ts-expect-error: Object.entries deduction on optional keys
[7m  [0m [91m  ~~~~~~~~~~~~~~~~~~~~~~~~~~~~~~~~~~~~~~~~~~~~~~~~~~~~~~~~~~~~~~[0m

[96msrc/pages/404.astro[0m:[93m120[0m:[93m67[0m - [91merror[0m[90m ts(2339): [0mProperty 'slug' does not exist on type '{ id: string; body?: string | undefined; collection: "blog"; data: { description: string; title: string; pubDate: Date; image?: { url: string; alt: string; } | undefined; author?: string | undefined; heroImage?: { ...; } | undefined; tags?: string[] | undefined; }; rendered?: RenderedContent | undefined; filePath?: ...'.

[7m120[0m                 <a href={`${import.meta.env.BASE_URL}/blog/${post.slug}/`} class="post-item">
[7m   [0m [91m                                                                  ~~~~[0m

[96msrc/pages/[appId].astro[0m:[93m47[0m:[93m7[0m - [93mwarning[0m[90m astro(4000): [0mThis script will be treated as if it has the `is:inline` directive because it contains an attribute. Therefore, features that require processing (e.g. using TypeScript or npm packages in the script) are unavailable.

See docs for more details: https://docs.astro.build/en/guides/client-side-scripts/#script-processing.

Add the `is:inline` directive explicitly to silence this hint.

[7m47[0m       type="application/ld+json"
[7m  [0m [93m      ~~~~[0m

[96msrc/pages/blog/[...slug].astro[0m:[93m24[0m:[93m27[0m - [91merror[0m[90m ts(2339): [0mProperty 'updatedDate' does not exist on type '{ description: string; title: string; pubDate: Date; image?: { url: string; alt: string; } | undefined; author?: string | undefined; heroImage?: { src: string; width: number; height: number; format: "png" | ... 6 more ... | "avif"; } | undefined; tags?: string[] | undefined; }'.

[7m24[0m   dateModified: post.data.updatedDate?.toISOString() || post.data.pubDate.toISOString(),
[7m  [0m [91m                          ~~~~~~~~~~~[0m
[96msrc/pages/blog/[...slug].astro[0m:[93m15[0m:[93m32[0m - [91merror[0m[90m ts(2551): [0mProperty 'render' does not exist on type '{ id: string; body?: string | undefined; collection: "blog"; data: { description: string; title: string; pubDate: Date; image?: { url: string; alt: string; } | undefined; author?: string | undefined; heroImage?: { ...; } | undefined; tags?: string[] | undefined; }; rendered?: RenderedContent | undefined; filePath?: ...'. Did you mean 'rendered'?

[7m15[0m const { Content } = await post.render();
[7m  [0m [91m                               ~~~~~~[0m
[96msrc/pages/blog/[...slug].astro[0m:[93m9[0m:[93m26[0m - [91merror[0m[90m ts(2339): [0mProperty 'slug' does not exist on type '{ id: string; body?: string | undefined; collection: "blog"; data: { description: string; title: string; pubDate: Date; image?: { url: string; alt: string; } | undefined; author?: string | undefined; heroImage?: { ...; } | undefined; tags?: string[] | undefined; }; rendered?: RenderedContent | undefined; filePath?: ...'.

[7m9[0m     params: { slug: post.slug },
[7m [0m [91m                         ~~~~[0m
[96msrc/pages/blog/[...slug].astro[0m:[93m48[0m:[93m11[0m - [93mwarning[0m[90m astro(4000): [0mThis script will be treated as if it has the `is:inline` directive because it contains an attribute. Therefore, features that require processing (e.g. using TypeScript or npm packages in the script) are unavailable.

See docs for more details: https://docs.astro.build/en/guides/client-side-scripts/#script-processing.

Add the `is:inline` directive explicitly to silence this hint.

[7m48[0m   <script type="application/ld+json" set:html={JSON.stringify(schema)} />
[7m  [0m [93m          ~~~~[0m

[96msrc/pages/blog/index.astro[0m:[93m47[0m:[93m67[0m - [91merror[0m[90m ts(2339): [0mProperty 'slug' does not exist on type '{ id: string; body?: string | undefined; collection: "blog"; data: { description: string; title: string; pubDate: Date; image?: { url: string; alt: string; } | undefined; author?: string | undefined; heroImage?: { ...; } | undefined; tags?: string[] | undefined; }; rendered?: RenderedContent | undefined; filePath?: ...'.

[7m47[0m                 <a href={`${import.meta.env.BASE_URL}/blog/${post.slug}/`} class="text-link">
[7m  [0m [91m                                                                  ~~~~[0m
[96msrc/pages/blog/index.astro[0m:[93m44[0m:[93m69[0m - [91merror[0m[90m ts(2339): [0mProperty 'slug' does not exist on type '{ id: string; body?: string | undefined; collection: "blog"; data: { description: string; title: string; pubDate: Date; image?: { url: string; alt: string; } | undefined; author?: string | undefined; heroImage?: { ...; } | undefined; tags?: string[] | undefined; }; rendered?: RenderedContent | undefined; filePath?: ...'.

[7m44[0m                   <a href={`${import.meta.env.BASE_URL}/blog/${post.slug}/`}>{post.data.title}</a>
[7m  [0m [91m                                                                    ~~~~[0m

Result (39 files): 
- 8 errors
- 0 warnings
- 5 hints

